// Jest Snapshot v1, https://goo.gl/fbAQLP

exports[`Should render App.js 1`] = `ShallowWrapper {}`;
